_update-info-dir

apache
--apache-1.3.24-4-src.tar.bz2
--apache-1.3.24-4.tar.bz2

ash
--ash-20020131-1-src.tar.bz2
--ash-20020131-1.tar.bz2

astyle
--astyle-1.15.3-2-src.tar.bz2
--astyle-1.15.3-2.tar.bz2

autoconf
--autoconf-2.53b-1-src.tar.bz2
--autoconf-2.53b-1.tar.bz2
autoconf/autoconf-devel
--autoconf-devel-2.54-1-src.tar.bz2
--autoconf-devel-2.54-1.tar.bz2

automake
--automake-1.6.2-1-src.tar.bz2
--automake-1.6.2-1.tar.bz2
automake/automake-devel
--automake-devel-1.7.1-1-src.tar.bz2
--automake-devel-1.7.1-1.tar.bz2

base-files
--base-files-1.0-1.tar.bz2

bash
--bash-2.05b-7-src.tar.bz2
--bash-2.05b-7.tar.bz2

binutils
--binutils-20021107-2-src.tar.bz2
--binutils-20021107-2.tar.bz2

bison
--bison-1.75-1-src.tar.bz2
--bison-1.75-1.tar.bz2

bzip2
--bzip2-1.0.2-1-src.tar.bz2
--bzip2-1.0.2-1.tar.bz2

cmake
--cmake-1.4.7-1-src.tar.bz2
--cmake-1.4.7-1.tar.bz2

cpio
--cpio-2.4.2-src.tar.gz
--cpio-2.4.2.tar.gz

curl
--curl-7.10.1-1-src.tar.bz2
--curl-7.10.1-1.tar.bz2
curl/devel
--curl-devel-7.10.1-1.tar.bz2

cygutils
--cygutils-1.1.2-1-src.tar.bz2
--cygutils-1.1.2-1.tar.bz2

cygwin
--cygwin-1.3.18-1-src.tar.bz2
--cygwin-1.3.18-1.tar.bz2

cygwin-doc
--cygwin-doc-1.2-1-src.tar.bz2
--cygwin-doc-1.2-1.tar.bz2

db/db2/libdb2
--libdb2-2.7.7-3.tar.bz2
--libdb2-2.7.7-4.tar.bz2
--md5.sum
--setup.hint
db/db2/libdb2-devel
--libdb2-devel-2.7.7-3.tar.bz2
--libdb2-devel-2.7.7-4.tar.bz2
--md5.sum
--setup.hint
db/db2
--db-2.7.7-3-src.tar.bz2
--db-2.7.7-3.tar.bz2
--db-2.7.7-4-src.tar.bz2
--db-2.7.7-4.tar.bz2
--md5.sum
--setup.hint

dejagnu
--dejagnu-20010117-1-src.tar.gz
--dejagnu-20010117-1.tar.gz
--dejagnu-20021217-1-src.tar.bz2
--dejagnu-20021217-1.tar.bz2

emacs
--emacs-21.2-11-src.tar.bz2
--emacs-21.2-11.tar.bz2
emacs/emacs-X11
--emacs-X11-21.2-11.tar.bz2
emacs/emacs-el
--emacs-el-21.2-11.tar.bz2

enscript
--enscript-1.6.3-2-src.tar.bz2
--enscript-1.6.3-2.tar.bz2

exim
--exim-4.12-2-src.tar.bz2
--exim-4.12-2.tar.bz2

expat
--expat-1.95.4-1-src.tar.bz2
--expat-1.95.4-1.tar.bz2

expect
--expect-20010117-1-src.tar.gz
--expect-20010117-1.tar.gz
--expect-20021218-1-src.tar.bz2
--expect-20021218-1.tar.bz2

fetchmail
--fetchmail-6.1.0-1-src.tar.bz2
--fetchmail-6.1.0-1.tar.bz2
--fetchmail-6.1.2-1-src.tar.bz2
--fetchmail-6.1.2-1.tar.bz2

findutils

flex

fortune
--fortune-1.8-1-src.tar.bz2
--fortune-1.8-1.tar.bz2

gawk
--gawk-3.1.1-4-src.tar.bz2
--gawk-3.1.1-4.tar.bz2

gcc
gcc/mingw
--gcc-mingw-20020817-4-src.tar.bz2
--gcc-mingw-20020817-4.tar.bz2

gdb
--gdb-20010428-3.tar.bz2
--gdb-20021218-1-src.tar.bz2
--gdb-20021218-1.tar.bz2

gdbm
--gdbm-1.8.0-3-src.tar.gz
--gdbm-1.8.0-3.tar.gz

gettext
--gettext-0.10.40-1-src.tar.bz2
--gettext-0.10.40-1.tar.bz2
--gettext-0.11.2-2-src.tar.bz2
--gettext-0.11.2-2.tar.bz2
gettext/gettext-devel
--gettext-devel-0.11.2-2.tar.bz2
gettext/libintl2
--libintl2-0.11.2-2.tar.bz2

ghostscript
--ghostscript-7.05-1-src.tar.bz2
--ghostscript-7.05-1.tar.bz2
ghostscript/ghostscript-base
--ghostscript-base-7.05-1.tar.bz2
ghostscript/ghostscript-x11
--ghostscript-x11-7.05-1.tar.bz2

gnupg
--gnupg-1.0.7-3-src.tar.bz2
--gnupg-1.0.7-3.tar.bz2

gperf

groff
--groff-1.17.2-1-src.tar.bz2
--groff-1.17.2-1.tar.bz2

gsl
--gsl-1.1.1-1-src.tar.bz2
--gsl-1.1.1-1.tar.bz2

guile
--guile-1.5.6-5-src.tar.bz2
--guile-1.5.6-5.tar.bz2
guile/guile-devel
--guile-devel-1.5.6-5.tar.bz2
guile/guile-doc
--guile-doc-1.5.6-5.tar.bz2

gzip
--gzip-1.3.3-3-src.tar.bz2
--gzip-1.3.3-3.tar.bz2

indent
--indent-2.2.7-2-src.tar.bz2
--indent-2.2.7-2.tar.bz2

inetutils
--inetutils-1.3.2-19-src.tar.bz2
--inetutils-1.3.2-19.tar.bz2

jbigkit
--jbigkit-1.2-4-src.tar.bz2
--jbigkit-1.2-4.tar.bz2

jpeg
--jpeg-6b-4-src.tar.gz
--jpeg-6b-4.tar.gz
--jpeg-6b-6-src.tar.bz2
--jpeg-6b-6.tar.bz2

keychain
--keychain-1.8-1-src.tar.bz2
--keychain-1.8-1.tar.bz2

less
--less-374-1-src.tar.bz2
--less-374-1.tar.bz2

libpng
--libpng-1.2.3-1-src.tar.bz2
--libpng-1.2.3-1.tar.bz2
libpng/libpng10
--libpng10-1.0.13-3-src.tar.bz2
--libpng10-1.0.13-3.tar.bz2
libpng/libpng10-devel
--libpng10-devel-1.0.13-3.tar.bz2
libpng/libpng12
--libpng12-1.2.3-1.tar.bz2
libpng/libpng12-devel
--libpng12-devel-1.2.3-1.tar.bz2

libtool
--libtool-20020202a-1-src.tar.bz2
--libtool-20020202a-1.tar.bz2
libtool/libtool-devel
--libtool-devel-20021227-1-src.tar.bz2
--libtool-devel-20021227-1.tar.bz2
--libtool-devel-20030103-1-src.tar.bz2
--libtool-devel-20030103-1.tar.bz2
libtool/libtool-devel/libltdl3
--libltdl3-20021227-1.tar.bz2
--libltdl3-20030103-1.tar.bz2
libtool/libtool-stable
--libtool-stable-1.4.2-2-src.tar.bz2
--libtool-stable-1.4.2-2.tar.bz2

libxml2
--libxml2-2.4.17-1-src.tar.bz2
--libxml2-2.4.17-1.tar.bz2

libxslt
--libxslt-1.0.10-1-src.tar.bz2
--libxslt-1.0.10-1.tar.bz2

lilypond
--lilypond-1.6.4-1-src.tar.bz2
--lilypond-1.6.4-1.tar.bz2
lilypond/lilypond-doc
--lilypond-doc-1.6.0-1.tar.bz2
--lilypond-doc-1.6.4-1.tar.bz2

login
--login-1.6-1-src.tar.bz2
--login-1.6-1.tar.bz2

lynx
--lynx-2.8.4-4-src.tar.bz2
--lynx-2.8.4-4.tar.bz2

m4

make
--make-3.79.1-5-src.tar.bz2
--make-3.79.1-5.tar.bz2

man
--man-1.5g-2-src.tar.gz
--man-1.5g-2.tar.gz

mingw-runtime
--mingw-runtime-2.2-1-src.tar.bz2
--mingw-runtime-2.2-1.tar.bz2

mutt
--mutt-1.2.5i-6-src.tar.bz2
--mutt-1.2.5i-6.tar.bz2

nano
--nano-1.0.7-1-src.tar.bz2
--nano-1.0.7-1.tar.bz2

ncftp
--ncftp-3.1.3-1-src.tar.bz2
--ncftp-3.1.3-1.tar.bz2

newlib-man
--newlib-man-20001118-1.tar.bz2

opengl
--opengl-1.1.0-5-src.tar.gz
--opengl-1.1.0-5.tar.gz

openssh
--openssh-3.5p1-1-src.tar.bz2
--openssh-3.5p1-1.tar.bz2
--openssh-3.5p1-2-src.tar.bz2
--openssh-3.5p1-2.tar.bz2

openssl
--openssl-0.9.6g-2-src.tar.bz2
--openssl-0.9.6g-2.tar.bz2
--openssl-0.9.6h-1-src.tar.bz2
--openssl-0.9.6h-1.tar.bz2
openssl/openssl-devel
--openssl-devel-0.9.6g-2.tar.bz2
--openssl-devel-0.9.6h-1.tar.bz2

patch
--patch-2.5-3-src.tar.bz2
--patch-2.5-3.tar.bz2

perl
--perl-5.6.1-2-src.tar.bz2
--perl-5.6.1-2.tar.bz2

pine
--pine-4.44-4-src.tar.bz2
--pine-4.44-4.tar.bz2

pkgconfig
--pkgconfig-0.12.0-1-src.tar.bz2
--pkgconfig-0.12.0-1.tar.bz2

popt
--popt-1.6.4-1-src.tar.bz2
--popt-1.6.4-1.tar.bz2

postgresql
--postgresql-7.2.3-2-src.tar.bz2
--postgresql-7.2.3-2.tar.bz2
--postgresql-7.3-1-src.tar.bz2
--postgresql-7.3-1.tar.bz2

procmail
--procmail-3.22-6-src.tar.bz2
--procmail-3.22-6.tar.bz2

procps
--procps-010801-1-src.tar.bz2
--procps-010801-1.tar.bz2

python
--python-2.2.1-1-src.tar.bz2
--python-2.2.1-1.tar.bz2
--python-2.2.2-1-src.tar.bz2
--python-2.2.2-1.tar.bz2
--python-2.2.2-4-src.tar.bz2
--python-2.2.2-4.tar.bz2

rcs
--rcs-5.7-2-src.tar.bz2
--rcs-5.7-2.tar.bz2

readline
--readline-4.3-1-src.tar.bz2
--readline-4.3-1.tar.bz2
readline/libreadline5
--libreadline5-4.3-1.tar.bz2

rsync
--rsync-2.5.5-1-src.tar.bz2
--rsync-2.5.5-1.tar.bz2

rxvt
--rxvt-2.7.9-1-src.tar.bz2
--rxvt-2.7.9-1.tar.bz2
--rxvt-2.7.9-2-src.tar.bz2
--rxvt-2.7.9-2.tar.bz2
--rxvt-2.7.9-3-src.tar.bz2
--rxvt-2.7.9-3.tar.bz2

sed
--sed-3.02-1-src.tar.gz
--sed-3.02-1.tar.gz
--sed-4.0.1-1-src.tar.bz2
--sed-4.0.1-1.tar.bz2

setup
--setup-2.218.2.9-1-src.tar.bz2

sh-utils
--sh-utils-2.0-3-src.tar.bz2
--sh-utils-2.0-3.tar.bz2

sharutils
--sharutils-4.2.1-1-src.tar.bz2
--sharutils-4.2.1-1.tar.bz2

swig
--swig-1.3.15-1-src.tar.bz2
--swig-1.3.15-1.tar.bz2

sysvinit

tar
--tar-1.13.19-1-src.tar.gz
--tar-1.13.19-1.tar.gz

tcltk
--tcltk-20021218-1-src.tar.bz2
--tcltk-20021218-1.tar.bz2

tcsh
--tcsh-6.11.00-4-src.tar.bz2
--tcsh-6.11.00-4.tar.bz2

termcap

terminfo
--terminfo-5.2-2-src.tar.bz2
--terminfo-5.2-2.tar.bz2

tetex
--tetex-20020530-3-src.tar.bz2
--tetex-20020530-3.tar.bz2
tetex/libkpathsea3
--libkpathsea3-20020530-3.tar.bz2
tetex/tetex-base
--tetex-base-20020530-3.tar.bz2
tetex/tetex-beta
--tetex-beta-20020530-3-src.tar.bz2
--tetex-beta-20020530-3.tar.bz2
tetex/tetex-bin
--tetex-bin-20020530-3-src.tar.bz2
--tetex-bin-20020530-3.tar.bz2
tetex/tetex-devel
--tetex-devel-20020530-3.tar.bz2
tetex/tetex-doc
--tetex-doc-20020530-3.tar.bz2
tetex/tetex-extra
--tetex-extra-20020530-3.tar.bz2
tetex/tetex-tiny
--tetex-tiny-20020530-3.tar.bz2
tetex/tetex-x11
--tetex-x11-20020530-3.tar.bz2

texinfo
--texinfo-4.2-3-src.tar.bz2
--texinfo-4.2-3.tar.bz2

tidy
--tidy-021202-1-src.tar.bz2
--tidy-021202-1.tar.bz2

tiff
--tiff-3.5.6beta-2-src.tar.gz
--tiff-3.5.6beta-2.tar.gz

unzip
--unzip-5.41-1-src.tar.gz
--unzip-5.41-1.tar.gz

upx
--upx-1.21-1-src.tar.bz2
--upx-1.21-1.tar.bz2

w32api
--w32api-2.1-1-src.tar.bz2
--w32api-2.1-1.tar.bz2

wget
--wget-1.8.2-1-src.tar.bz2
--wget-1.8.2-1.tar.bz2

whois
--whois-4.5.17-1-src.tar.bz2
--whois-4.5.17-1.tar.bz2

XFree86/WindowMaker
--WindowMaker-0.80.0-1-src.tar.bz2
--WindowMaker-0.80.0-1.tar.bz2
XFree86/XFree86-bin
--XFree86-bin-4.2.0-1.tar.bz2
XFree86/XFree86-docs
XFree86/XFree86-f100
--XFree86-f100-4.2.0-1.tar.bz2
XFree86/XFree86-fcyr
--XFree86-fcyr-4.2.0-1.tar.bz2
XFree86/XFree86-fenc
--XFree86-fenc-4.2.0-1.tar.bz2
XFree86/XFree86-fnts
--XFree86-fnts-4.2.0-1.tar.bz2
XFree86/XFree86-fscl
--XFree86-fscl-4.2.0-1.tar.bz2
XFree86/XFree86-startup-scripts
--XFree86-startup-scripts-4.2.0-1.tar.bz2
--XFree86-startup-scripts-4.2.0-2.tar.bz2
XFree86/XFree86-xserv
--XFree86-xserv-4.2.0-15.tar.bz2
--XFree86-xserv-4.2.0-16.tar.bz2
--XFree86-xserv-4.2.0-18.tar.bz2
--XFree86-xserv-4.2.0-19.tar.bz2
--XFree86-xserv-4.2.0-20.tar.bz2
--XFree86-xserv-4.2.0-21.tar.bz2
--XFree86-xserv-4.2.0-22.tar.bz2
--XFree86-xserv-4.2.0-23.tar.bz2
--XFree86-xserv-4.2.0-24.tar.bz2
XFree86/fvwm
--fvwm-2.4.7-1-src.tar.bz2
--fvwm-2.4.7-1.tar.bz2
XFree86/lesstif
--lesstif-0.93.18-1-src.tar.bz2
--lesstif-0.93.18-1.tar.bz2
XFree86/libPropList
--libPropList-0.10.1-2-src.tar.bz2
--libPropList-0.10.1-2.tar.bz2
XFree86/openbox
--openbox-0.99.1-2-src.tar.bz2
--openbox-0.99.1-2.tar.bz2
XFree86/XFree86-xwinclip
--XFree86-xwinclip-4.2.0-7.tar.bz2
XFree86/x2x
--x2x-1.27-1-src.tar.bz2
--x2x-1.27-1.tar.bz2

xpm-nox
--xpm-nox-4.1.0-1-src.tar.bz2
--xpm-nox-4.1.0-1.tar.bz2

zip
--zip-2.3-1-src.tar.gz
--zip-2.3-1.tar.gz

zlib
--zlib-1.1.3-7-src.tar.bz2
--zlib-1.1.3-7.tar.bz2
